// Jest Snapshot v1, https://goo.gl/fbAQLP

exports[`renders a snapshot 1`] = `
<div>
  <body>
    <h1>
      Github Username: Phalguni221
    </h1>
    <img
      src="PersonalHeadshot2.jpg"
    />
    <br />
    <br />
    <h2>
      I am currently an ambitious and hardworking student at the NJIT Full Stack Development Boot Camp. I hope to be a future web developer and put to use the skills that I have learned over the course of the boot camp. 
      More specifically, I want to be able to incorporate creativity with practical technical skills in the field of computer programming.
    </h2>
  </body>
</div>
`;
